// Jest Snapshot v1, https://goo.gl/fbAQLP

exports[`Render Layout 1`] = `<Connect(Layout) />`;
